Archive member included to satisfy reference by file (symbol)

C:/Program Files/STM32CubeIDE/STM32CubeIDE/plugins/com.st.stm32cube.ide.mcu.externaltools.gnu-tools-for-stm32.12.3.rel1.win32_1.0.100.202403111256/tools/bin/../lib/gcc/arm-none-eabi/12.3.1/../../../../arm-none-eabi/lib/thumb/v7e-m+fp/hard\libc_nano.a(libc_a-exit.o)
                              C:/Program Files/STM32CubeIDE/STM32CubeIDE/plugins/com.st.stm32cube.ide.mcu.externaltools.gnu-tools-for-stm32.12.3.rel1.win32_1.0.100.202403111256/tools/bin/../lib/gcc/arm-none-eabi/12.3.1/../../../../arm-none-eabi/lib/thumb/v7e-m+fp/hard/crt0.o (exit)
C:/Program Files/STM32CubeIDE/STM32CubeIDE/plugins/com.st.stm32cube.ide.mcu.externaltools.gnu-tools-for-stm32.12.3.rel1.win32_1.0.100.202403111256/tools/bin/../lib/gcc/arm-none-eabi/12.3.1/../../../../arm-none-eabi/lib/thumb/v7e-m+fp/hard\libc_nano.a(libc_a-findfp.o)
                              C:/Program Files/STM32CubeIDE/STM32CubeIDE/plugins/com.st.stm32cube.ide.mcu.externaltools.gnu-tools-for-stm32.12.3.rel1.win32_1.0.100.202403111256/tools/bin/../lib/gcc/arm-none-eabi/12.3.1/../../../../arm-none-eabi/lib/thumb/v7e-m+fp/hard\libc_nano.a(libc_a-exit.o) (__stdio_exit_handler)
C:/Program Files/STM32CubeIDE/STM32CubeIDE/plugins/com.st.stm32cube.ide.mcu.externaltools.gnu-tools-for-stm32.12.3.rel1.win32_1.0.100.202403111256/tools/bin/../lib/gcc/arm-none-eabi/12.3.1/../../../../arm-none-eabi/lib/thumb/v7e-m+fp/hard\libc_nano.a(libc_a-fwalk.o)
                              C:/Program Files/STM32CubeIDE/STM32CubeIDE/plugins/com.st.stm32cube.ide.mcu.externaltools.gnu-tools-for-stm32.12.3.rel1.win32_1.0.100.202403111256/tools/bin/../lib/gcc/arm-none-eabi/12.3.1/../../../../arm-none-eabi/lib/thumb/v7e-m+fp/hard\libc_nano.a(libc_a-findfp.o) (_fwalk_sglue)
C:/Program Files/STM32CubeIDE/STM32CubeIDE/plugins/com.st.stm32cube.ide.mcu.externaltools.gnu-tools-for-stm32.12.3.rel1.win32_1.0.100.202403111256/tools/bin/../lib/gcc/arm-none-eabi/12.3.1/../../../../arm-none-eabi/lib/thumb/v7e-m+fp/hard\libc_nano.a(libc_a-stdio.o)
                              C:/Program Files/STM32CubeIDE/STM32CubeIDE/plugins/com.st.stm32cube.ide.mcu.externaltools.gnu-tools-for-stm32.12.3.rel1.win32_1.0.100.202403111256/tools/bin/../lib/gcc/arm-none-eabi/12.3.1/../../../../arm-none-eabi/lib/thumb/v7e-m+fp/hard\libc_nano.a(libc_a-findfp.o) (__sread)
C:/Program Files/STM32CubeIDE/STM32CubeIDE/plugins/com.st.stm32cube.ide.mcu.externaltools.gnu-tools-for-stm32.12.3.rel1.win32_1.0.100.202403111256/tools/bin/../lib/gcc/arm-none-eabi/12.3.1/../../../../arm-none-eabi/lib/thumb/v7e-m+fp/hard\libc_nano.a(libc_a-memset.o)
                              C:/Program Files/STM32CubeIDE/STM32CubeIDE/plugins/com.st.stm32cube.ide.mcu.externaltools.gnu-tools-for-stm32.12.3.rel1.win32_1.0.100.202403111256/tools/bin/../lib/gcc/arm-none-eabi/12.3.1/../../../../arm-none-eabi/lib/thumb/v7e-m+fp/hard/crt0.o (memset)
C:/Program Files/STM32CubeIDE/STM32CubeIDE/plugins/com.st.stm32cube.ide.mcu.externaltools.gnu-tools-for-stm32.12.3.rel1.win32_1.0.100.202403111256/tools/bin/../lib/gcc/arm-none-eabi/12.3.1/../../../../arm-none-eabi/lib/thumb/v7e-m+fp/hard\libc_nano.a(libc_a-closer.o)
                              C:/Program Files/STM32CubeIDE/STM32CubeIDE/plugins/com.st.stm32cube.ide.mcu.externaltools.gnu-tools-for-stm32.12.3.rel1.win32_1.0.100.202403111256/tools/bin/../lib/gcc/arm-none-eabi/12.3.1/../../../../arm-none-eabi/lib/thumb/v7e-m+fp/hard\libc_nano.a(libc_a-stdio.o) (_close_r)
C:/Program Files/STM32CubeIDE/STM32CubeIDE/plugins/com.st.stm32cube.ide.mcu.externaltools.gnu-tools-for-stm32.12.3.rel1.win32_1.0.100.202403111256/tools/bin/../lib/gcc/arm-none-eabi/12.3.1/../../../../arm-none-eabi/lib/thumb/v7e-m+fp/hard\libc_nano.a(libc_a-reent.o)
                              C:/Program Files/STM32CubeIDE/STM32CubeIDE/plugins/com.st.stm32cube.ide.mcu.externaltools.gnu-tools-for-stm32.12.3.rel1.win32_1.0.100.202403111256/tools/bin/../lib/gcc/arm-none-eabi/12.3.1/../../../../arm-none-eabi/lib/thumb/v7e-m+fp/hard\libc_nano.a(libc_a-closer.o) (errno)
C:/Program Files/STM32CubeIDE/STM32CubeIDE/plugins/com.st.stm32cube.ide.mcu.externaltools.gnu-tools-for-stm32.12.3.rel1.win32_1.0.100.202403111256/tools/bin/../lib/gcc/arm-none-eabi/12.3.1/../../../../arm-none-eabi/lib/thumb/v7e-m+fp/hard\libc_nano.a(libc_a-impure.o)
                              C:/Program Files/STM32CubeIDE/STM32CubeIDE/plugins/com.st.stm32cube.ide.mcu.externaltools.gnu-tools-for-stm32.12.3.rel1.win32_1.0.100.202403111256/tools/bin/../lib/gcc/arm-none-eabi/12.3.1/../../../../arm-none-eabi/lib/thumb/v7e-m+fp/hard\libc_nano.a(libc_a-reent.o) (_impure_ptr)
C:/Program Files/STM32CubeIDE/STM32CubeIDE/plugins/com.st.stm32cube.ide.mcu.externaltools.gnu-tools-for-stm32.12.3.rel1.win32_1.0.100.202403111256/tools/bin/../lib/gcc/arm-none-eabi/12.3.1/../../../../arm-none-eabi/lib/thumb/v7e-m+fp/hard\libc_nano.a(libc_a-lseekr.o)
[...]
Memory Configuration

Name             Origin             Length             Attributes
RAM              0x20000000         0x00010000         xrw
FLASH            0x08000000         0x00040000         xr
*default*        0x00000000         0xffffffff

Linker script and memory map

LOAD C:/Program Files/STM32CubeIDE/STM32CubeIDE/plugins/com.st.stm32cube.ide.mcu.externaltools.gnu-tools-for-stm32.12.3.rel1.win32_1.0.100.202403111256/tools/bin/../lib/gcc/arm-none-eabi/12.3.1/thumb/v7e-m+fp/hard/crti.o
LOAD C:/Program Files/STM32CubeIDE/STM32CubeIDE/plugins/com.st.stm32cube.ide.mcu.externaltools.gnu-tools-for-stm32.12.3.rel1.win32_1.0.100.202403111256/tools/bin/../lib/gcc/arm-none-eabi/12.3.1/thumb/v7e-m+fp/hard/crtbegin.o
LOAD C:/Program Files/STM32CubeIDE/STM32CubeIDE/plugins/com.st.stm32cube.ide.mcu.externaltools.gnu-tools-for-stm32.12.3.rel1.win32_1.0.100.202403111256/tools/bin/../lib/gcc/arm-none-eabi/12.3.1/../../../../arm-none-eabi/lib/thumb/v7e-m+fp/hard/crt0.o
LOAD ./Src/changeLabButton.o
LOAD ./Src/common.o
LOAD ./Src/lab1LedStrip.o
LOAD ./Src/lab2PwmAdc.o
LOAD ./Src/lab3UartAdcDma.o
LOAD ./Src/main.o
LOAD ./Src/multiFuncButton.o
LOAD ./Src/syscalls.o
LOAD ./Src/sysmem.o
LOAD ./Src/uart.o
LOAD ./Startup/startup_stm32f401ccux.o
START GROUP
LOAD C:/Program Files/STM32CubeIDE/STM32CubeIDE/plugins/com.st.stm32cube.ide.mcu.externaltools.gnu-tools-for-stm32.12.3.rel1.win32_1.0.100.202403111256/tools/bin/../lib/gcc/arm-none-eabi/12.3.1/../../../../arm-none-eabi/lib/thumb/v7e-m+fp/hard\libc_nano.a
LOAD C:/Program Files/STM32CubeIDE/STM32CubeIDE/plugins/com.st.stm32cube.ide.mcu.externaltools.gnu-tools-for-stm32.12.3.rel1.win32_1.0.100.202403111256/tools/bin/../lib/gcc/arm-none-eabi/12.3.1/../../../../arm-none-eabi/lib/thumb/v7e-m+fp/hard\libm.a
END GROUP
START GROUP
LOAD C:/Program Files/STM32CubeIDE/STM32CubeIDE/plugins/com.st.stm32cube.ide.mcu.externaltools.gnu-tools-for-stm32.12.3.rel1.win32_1.0.100.202403111256/tools/bin/../lib/gcc/arm-none-eabi/12.3.1/thumb/v7e-m+fp/hard\libgcc.a
LOAD C:/Program Files/STM32CubeIDE/STM32CubeIDE/plugins/com.st.stm32cube.ide.mcu.externaltools.gnu-tools-for-stm32.12.3.rel1.win32_1.0.100.202403111256/tools/bin/../lib/gcc/arm-none-eabi/12.3.1/../../../../arm-none-eabi/lib/thumb/v7e-m+fp/hard\libc_nano.a
END GROUP
START GROUP
LOAD C:/Program Files/STM32CubeIDE/STM32CubeIDE/plugins/com.st.stm32cube.ide.mcu.externaltools.gnu-tools-for-stm32.12.3.rel1.win32_1.0.100.202403111256/tools/bin/../lib/gcc/arm-none-eabi/12.3.1/thumb/v7e-m+fp/hard\libgcc.a
LOAD C:/Program Files/STM32CubeIDE/STM32CubeIDE/plugins/com.st.stm32cube.ide.mcu.externaltools.gnu-tools-for-stm32.12.3.rel1.win32_1.0.100.202403111256/tools/bin/../lib/gcc/arm-none-eabi/12.3.1/../../../../arm-none-eabi/lib/thumb/v7e-m+fp/hard\libc_nano.a
LOAD C:/Program Files/STM32CubeIDE/STM32CubeIDE/plugins/com.st.stm32cube.ide.mcu.externaltools.gnu-tools-for-stm32.12.3.rel1.win32_1.0.100.202403111256/tools/bin/../lib/gcc/arm-none-eabi/12.3.1/../../../../arm-none-eabi/lib/thumb/v7e-m+fp/hard\libnosys.a
END GROUP
START GROUP
LOAD C:/Program Files/STM32CubeIDE/STM32CubeIDE/plugins/com.st.stm32cube.ide.mcu.externaltools.gnu-tools-for-stm32.12.3.rel1.win32_1.0.100.202403111256/tools/bin/../lib/gcc/arm-none-eabi/12.3.1/thumb/v7e-m+fp/hard\libgcc.a
LOAD C:/Program Files/STM32CubeIDE/STM32CubeIDE/plugins/com.st.stm32cube.ide.mcu.externaltools.gnu-tools-for-stm32.12.3.rel1.win32_1.0.100.202403111256/tools/bin/../lib/gcc/arm-none-eabi/12.3.1/../../../../arm-none-eabi/lib/thumb/v7e-m+fp/hard\libc_nano.a
LOAD C:/Program Files/STM32CubeIDE/STM32CubeIDE/plugins/com.st.stm32cube.ide.mcu.externaltools.gnu-tools-for-stm32.12.3.rel1.win32_1.0.100.202403111256/tools/bin/../lib/gcc/arm-none-eabi/12.3.1/../../../../arm-none-eabi/lib/thumb/v7e-m+fp/hard\libnosys.a
END GROUP
LOAD C:/Program Files/STM32CubeIDE/STM32CubeIDE/plugins/com.st.stm32cube.ide.mcu.externaltools.gnu-tools-for-stm32.12.3.rel1.win32_1.0.100.202403111256/tools/bin/../lib/gcc/arm-none-eabi/12.3.1/thumb/v7e-m+fp/hard/crtend.o
LOAD C:/Program Files/STM32CubeIDE/STM32CubeIDE/plugins/com.st.stm32cube.ide.mcu.externaltools.gnu-tools-for-stm32.12.3.rel1.win32_1.0.100.202403111256/tools/bin/../lib/gcc/arm-none-eabi/12.3.1/thumb/v7e-m+fp/hard/crtn.o
                0x20010000                        _estack = (ORIGIN (RAM) + LENGTH (RAM))
                0x00000200                        _Min_Heap_Size = 0x200
                0x00000400                        _Min_Stack_Size = 0x400

.isr_vector     0x08000000      0x194
                0x08000000                        . = ALIGN (0x4)
 *(.isr_vector)
 .isr_vector    0x08000000      0x194 ./Startup/startup_stm32f401ccux.o
                0x08000000                g_pfnVectors
                0x08000194                        . = ALIGN (0x4)

.text           0x08000194     0x16dc
                0x08000194                        . = ALIGN (0x4)
 *(.text)
 .text          0x08000194       0x40 C:/Program Files/STM32CubeIDE/STM32CubeIDE/plugins/com.st.stm32cube.ide.mcu.externaltools.gnu-tools-for-stm32.12.3.rel1.win32_1.0.100.202403111256/tools/bin/../lib/gcc/arm-none-eabi/12.3.1/thumb/v7e-m+fp/hard/crtbegin.o
 *(.text*)
 .text.NVIC_EnableIRQ
                0x080001d4       0x34 ./Src/changeLabButton.o
 .text.NVIC_SystemReset
                0x08000208       0x2c ./Src/changeLabButton.o
 .text.changeLabButtonInit
                0x08000234       0xf8 ./Src/changeLabButton.o
                0x08000234                changeLabButtonInit
 .text.EXTI0_IRQHandler
                0x0800032c       0x34 ./Src/changeLabButton.o
                0x0800032c                EXTI0_IRQHandler
 .text.TIM2_IRQHandler
                0x08000360       0x74 ./Src/changeLabButton.o
                0x08000360                TIM2_IRQHandler
 .text.cpuFreqInit
                0x080003d4       0xf4 ./Src/common.o
                0x080003d4                cpuFreqInit
 .text.sysTickInit
                0x080004c8       0x58 ./Src/common.o
                0x080004c8                sysTickInit
 .text.delayMs  0x08000520       0x44 ./Src/common.o
                0x08000520                delayMs
 .text.digitExtractor
                0x08000564       0x64 ./Src/common.o
                0x08000564                digitExtractor
 .text.lab1Deinit
                0x080005c8       0x1c ./Src/lab1LedStrip.o
                0x080005c8                lab1Deinit
 .text.lab1Init
                0x080005e4       0x1c ./Src/lab1LedStrip.o
                0x080005e4                lab1Init
 .text.lab1Execute
                0x08000600       0x98 ./Src/lab1LedStrip.o
                0x08000600                lab1Execute
 .text.lab1LedStripDeinit
                0x08000698       0x44 ./Src/lab1LedStrip.o
                0x08000698                lab1LedStripDeinit
 .text.lab1LedStripInit
                0x080006dc       0x60 ./Src/lab1LedStrip.o
                0x080006dc                lab1LedStripInit
 .text.lab1LedPosSwitch
                0x0800073c       0xdc ./Src/lab1LedStrip.o
                0x0800073c                lab1LedPosSwitch
 .text.NVIC_EnableIRQ
                0x08000818       0x34 ./Src/lab2PwmAdc.o
 .text.NVIC_DisableIRQ
                0x0800084c       0x34 ./Src/lab2PwmAdc.o
 .text.lab2Deinit
                0x08000880       0x24 ./Src/lab2PwmAdc.o
                0x08000880                lab2Deinit
 .text.lab2Init
                0x080008a4       0x2c ./Src/lab2PwmAdc.o
                0x080008a4                lab2Init
 .text.lab2Execute
                0x080008d0       0x34 ./Src/lab2PwmAdc.o
                0x080008d0                lab2Execute
 .text.lab2GpioDeinit
                0x08000904       0x5c ./Src/lab2PwmAdc.o
                0x08000904                lab2GpioDeinit
 .text.lab2Tim3Deinit
                0x08000960       0x7c ./Src/lab2PwmAdc.o
                0x08000960                lab2Tim3Deinit
 .text.lab2AdcPotDeinit
                0x080009dc       0x74 ./Src/lab2PwmAdc.o
                0x080009dc                lab2AdcPotDeinit
 .text.lab2GpioInit
                0x08000a50       0x78 ./Src/lab2PwmAdc.o
                0x08000a50                lab2GpioInit
 .text.lab2Tim3Init
                0x08000ac8       0xa4 ./Src/lab2PwmAdc.o
                0x08000ac8                lab2Tim3Init
 .text.lab2AdcPotInit
                0x08000b6c       0xa4 ./Src/lab2PwmAdc.o
                0x08000b6c                lab2AdcPotInit
 .text.lab2PotReadRawValue
                0x08000c10       0x40 ./Src/lab2PwmAdc.o
                0x08000c10                lab2PotReadRawValue
 .text.lab2PotGetAverageValue
                0x08000c50       0x3a ./Src/lab2PwmAdc.o
                0x08000c50                lab2PotGetAverageValue
 *fill*         0x08000c8a        0x2 
 .text.TIM3_IRQHandler
                0x08000c8c      0x188 ./Src/lab2PwmAdc.o
                0x08000c8c                TIM3_IRQHandler
 .text.NVIC_EnableIRQ
                0x08000e14       0x34 ./Src/lab3UartAdcDma.o
 .text.NVIC_DisableIRQ
                0x08000e48       0x34 ./Src/lab3UartAdcDma.o
 .text.lab3Deinit
                0x08000e7c       0x28 ./Src/lab3UartAdcDma.o
                0x08000e7c                lab3Deinit
 .text.lab3Init
                0x08000ea4       0x20 ./Src/lab3UartAdcDma.o
                0x08000ea4                lab3Init
 .text.lab3Execute
                0x08000ec4       0x90 ./Src/lab3UartAdcDma.o
                0x08000ec4                lab3Execute
 .text.lab3AdcReadSignals
                0x08000f54       0x3c ./Src/lab3UartAdcDma.o
                0x08000f54                lab3AdcReadSignals
 .text.lab3AdcGetFilteredData
                0x08000f90       0x60 ./Src/lab3UartAdcDma.o
                0x08000f90                lab3AdcGetFilteredData
 .text.lab3UartDeinit
                0x08000ff0       0x68 ./Src/lab3UartAdcDma.o
                0x08000ff0                lab3UartDeinit
 .text.lab3AdcDeinit
                0x08001058       0xac ./Src/lab3UartAdcDma.o
                0x08001058                lab3AdcDeinit
 .text.lab3DmaDeinit
                0x08001104       0x5c ./Src/lab3UartAdcDma.o
                0x08001104                lab3DmaDeinit
 .text.lab3UartInit
                0x08001160       0xa0 ./Src/lab3UartAdcDma.o
                0x08001160                lab3UartInit
 .text.lab3AdcInit
                0x08001200       0xac ./Src/lab3UartAdcDma.o
                0x08001200                lab3AdcInit
 .text.lab3DmaInit
                0x080012ac       0x64 ./Src/lab3UartAdcDma.o
                0x080012ac                lab3DmaInit
 .text.DMA2_Stream0_IRQHandler
                0x08001310       0x40 ./Src/lab3UartAdcDma.o
                0x08001310                DMA2_Stream0_IRQHandler
 .text.main     0x08001350       0x9c ./Src/main.o
                0x08001350                main
 .text.NVIC_EnableIRQ
                0x080013ec       0x34 ./Src/multiFuncButton.o
 .text.NVIC_DisableIRQ
                0x08001420       0x34 ./Src/multiFuncButton.o
 .text.multiFuncButtonDeinit
                0x08001454       0xc8 ./Src/multiFuncButton.o
                0x08001454                multiFuncButtonDeinit
 .text.multiFuncButtonInit
                0x0800151c       0xec ./Src/multiFuncButton.o
                0x0800151c                multiFuncButtonInit
 .text.EXTI15_10_IRQHandler
                0x08001608       0x38 ./Src/multiFuncButton.o
                0x08001608                EXTI15_10_IRQHandler
 .text.TIM4_IRQHandler
                0x08001640       0x8c ./Src/multiFuncButton.o
                0x08001640                TIM4_IRQHandler
 .text.uartTransmitByte
                0x080016cc       0x34 ./Src/uart.o
                0x080016cc                uartTransmitByte
 .text.uartTransmitDec
                0x08001700       0x92 ./Src/uart.o
                0x08001700                uartTransmitDec
 .text.uartTransmitStr
                0x08001792       0x2a ./Src/uart.o
                0x08001792                uartTransmitStr
 .text.Reset_Handler
                0x080017bc       0x50 ./Startup/startup_stm32f401ccux.o
                0x080017bc                Reset_Handler
 .text.Default_Handler
                0x0800180c        0x2 ./Startup/startup_stm32f401ccux.o
                0x0800180c                EXTI2_IRQHandler
                0x0800180c                DebugMon_Handler
                0x0800180c                SPI4_IRQHandler
                0x0800180c                TIM1_CC_IRQHandler
                0x0800180c                DMA2_Stream5_IRQHandler
                0x0800180c                HardFault_Handler
                0x0800180c                DMA1_Stream5_IRQHandler
                0x0800180c                SysTick_Handler
                0x0800180c                SDIO_IRQHandler
                0x0800180c                TAMP_STAMP_IRQHandler
                0x0800180c                PendSV_Handler
                0x0800180c                NMI_Handler
                0x0800180c                EXTI3_IRQHandler
                0x0800180c                TIM1_UP_TIM10_IRQHandler
                0x0800180c                I2C3_ER_IRQHandler
                0x0800180c                EXTI18_OTG_FS_WKUP_IRQHandler
                0x0800180c                I2C2_EV_IRQHandler
                0x0800180c                DMA1_Stream2_IRQHandler
                0x0800180c                UsageFault_Handler
                0x0800180c                DMA2_Stream2_IRQHandler
                0x0800180c                SPI1_IRQHandler
                0x0800180c                TIM1_BRK_TIM9_IRQHandler
                0x0800180c                DMA2_Stream3_IRQHandler
                0x0800180c                USART6_IRQHandler
                0x0800180c                I2C1_EV_IRQHandler
                0x0800180c                DMA1_Stream6_IRQHandler
                0x0800180c                DMA1_Stream1_IRQHandler
                0x0800180c                RCC_IRQHandler
                0x0800180c                Default_Handler
                0x0800180c                ADC_IRQHandler
                0x0800180c                DMA1_Stream7_IRQHandler
                0x0800180c                TIM5_IRQHandler
                0x0800180c                DMA2_Stream7_IRQHandler
                0x0800180c                I2C3_EV_IRQHandler
                0x0800180c                EXTI9_5_IRQHandler
                0x0800180c                SPI2_IRQHandler
                0x0800180c                MemManage_Handler
                0x0800180c                DMA1_Stream0_IRQHandler
                0x0800180c                SVC_Handler
                0x0800180c                EXTI4_IRQHandler
                0x0800180c                EXTI22_RTC_WKUP_IRQHandler
                0x0800180c                EXTI16_PVD_IRQHandler
                0x0800180c                TIM1_TRG_COM_TIM11_IRQHandler
                0x0800180c                EXTI1_IRQHandler
                0x0800180c                EXTI17_RTC_Alarm_IRQHandler
                0x0800180c                USART2_IRQHandler
                0x0800180c                I2C2_ER_IRQHandler
                0x0800180c                DMA2_Stream1_IRQHandler
                0x0800180c                FLASH_IRQHandler
                0x0800180c                DMA2_Stream4_IRQHandler
                0x0800180c                BusFault_Handler
                0x0800180c                USART1_IRQHandler
                0x0800180c                OTG_FS_IRQHandler
                0x0800180c                SPI3_IRQHandler
                0x0800180c                DMA1_Stream4_IRQHandler
                0x0800180c                I2C1_ER_IRQHandler
                0x0800180c                DMA2_Stream6_IRQHandler
                0x0800180c                DMA1_Stream3_IRQHandler
 *fill*         0x0800180e        0x2 
 .text.__libc_init_array
                0x08001810       0x48 C:/Program Files/STM32CubeIDE/STM32CubeIDE/plugins/com.st.stm32cube.ide.mcu.externaltools.gnu-tools-for-stm32.12.3.rel1.win32_1.0.100.202403111256/tools/bin/../lib/gcc/arm-none-eabi/12.3.1/../../../../arm-none-eabi/lib/thumb/v7e-m+fp/hard\libc_nano.a(libc_a-init.o)
                0x08001810                __libc_init_array
 *(.glue_7)
 .glue_7        0x08001858        0x0 linker stubs
 *(.glue_7t)
 .glue_7t       0x08001858        0x0 linker stubs
 *(.eh_frame)
 .eh_frame      0x08001858        0x0 C:/Program Files/STM32CubeIDE/STM32CubeIDE/plugins/com.st.stm32cube.ide.mcu.externaltools.gnu-tools-for-stm32.12.3.rel1.win32_1.0.100.202403111256/tools/bin/../lib/gcc/arm-none-eabi/12.3.1/thumb/v7e-m+fp/hard/crtbegin.o
 *(.init)
 .init          0x08001858        0x4 C:/Program Files/STM32CubeIDE/STM32CubeIDE/plugins/com.st.stm32cube.ide.mcu.externaltools.gnu-tools-for-stm32.12.3.rel1.win32_1.0.100.202403111256/tools/bin/../lib/gcc/arm-none-eabi/12.3.1/thumb/v7e-m+fp/hard/crti.o
                0x08001858                _init
 .init          0x0800185c        0x8 C:/Program Files/STM32CubeIDE/STM32CubeIDE/plugins/com.st.stm32cube.ide.mcu.externaltools.gnu-tools-for-stm32.12.3.rel1.win32_1.0.100.202403111256/tools/bin/../lib/gcc/arm-none-eabi/12.3.1/thumb/v7e-m+fp/hard/crtn.o
 *(.fini)
 .fini          0x08001864        0x4 C:/Program Files/STM32CubeIDE/STM32CubeIDE/plugins/com.st.stm32cube.ide.mcu.externaltools.gnu-tools-for-stm32.12.3.rel1.win32_1.0.100.202403111256/tools/bin/../lib/gcc/arm-none-eabi/12.3.1/thumb/v7e-m+fp/hard/crti.o
                0x08001864                _fini
 .fini          0x08001868        0x8 C:/Program Files/STM32CubeIDE/STM32CubeIDE/plugins/com.st.stm32cube.ide.mcu.externaltools.gnu-tools-for-stm32.12.3.rel1.win32_1.0.100.202403111256/tools/bin/../lib/gcc/arm-none-eabi/12.3.1/thumb/v7e-m+fp/hard/crtn.o
                0x08001870                        . = ALIGN (0x4)
                0x08001870                        _etext = .

.vfp11_veneer   0x08001870        0x0
 .vfp11_veneer  0x08001870        0x0 linker stubs

.v4_bx          0x08001870        0x0
 .v4_bx         0x08001870        0x0 linker stubs

.iplt           0x08001870        0x0
 .iplt          0x08001870        0x0 C:/Program Files/STM32CubeIDE/STM32CubeIDE/plugins/com.st.stm32cube.ide.mcu.externaltools.gnu-tools-for-stm32.12.3.rel1.win32_1.0.100.202403111256/tools/bin/../lib/gcc/arm-none-eabi/12.3.1/thumb/v7e-m+fp/hard/crtbegin.o

.rodata         0x08001870       0x1c
                0x08001870                        . = ALIGN (0x4)
 *(.rodata)
 .rodata        0x08001870       0x1b ./Src/lab3UartAdcDma.o
 *(.rodata*)
                0x0800188c                        . = ALIGN (0x4)
 *fill*         0x0800188b        0x1 

.ARM.extab      0x0800188c        0x0
                0x0800188c                        . = ALIGN (0x4)
 *(.ARM.extab* .gnu.linkonce.armextab.*)
                0x0800188c                        . = ALIGN (0x4)

.ARM            0x0800188c        0x0
                0x0800188c                        . = ALIGN (0x4)
                0x0800188c                        __exidx_start = .
 *(.ARM.exidx*)
                0x0800188c                        __exidx_end = .
                0x0800188c                        . = ALIGN (0x4)

.preinit_array  0x0800188c        0x0
                0x0800188c                        . = ALIGN (0x4)
                0x0800188c                        PROVIDE (__preinit_array_start = .)
 *(.preinit_array*)
                0x0800188c                        PROVIDE (__preinit_array_end = .)
                0x0800188c                        . = ALIGN (0x4)

.init_array     0x0800188c        0x4
                0x0800188c                        . = ALIGN (0x4)
                0x0800188c                        PROVIDE (__init_array_start = .)
 *(SORT_BY_NAME(.init_array.*))
 *(.init_array*)
 .init_array    0x0800188c        0x4 C:/Program Files/STM32CubeIDE/STM32CubeIDE/plugins/com.st.stm32cube.ide.mcu.externaltools.gnu-tools-for-stm32.12.3.rel1.win32_1.0.100.202403111256/tools/bin/../lib/gcc/arm-none-eabi/12.3.1/thumb/v7e-m+fp/hard/crtbegin.o
                0x08001890                        PROVIDE (__init_array_end = .)
                0x08001890                        . = ALIGN (0x4)

.fini_array     0x08001890        0x4
                0x08001890                        . = ALIGN (0x4)
                [!provide]                        PROVIDE (__fini_array_start = .)
 *(SORT_BY_NAME(.fini_array.*))
 *(.fini_array*)
 .fini_array    0x08001890        0x4 C:/Program Files/STM32CubeIDE/STM32CubeIDE/plugins/com.st.stm32cube.ide.mcu.externaltools.gnu-tools-for-stm32.12.3.rel1.win32_1.0.100.202403111256/tools/bin/../lib/gcc/arm-none-eabi/12.3.1/thumb/v7e-m+fp/hard/crtbegin.o
                [!provide]                        PROVIDE (__fini_array_end = .)
                0x08001894                        . = ALIGN (0x4)
                0x08001894                        _sidata = LOADADDR (.data)

.rel.dyn        0x08001894        0x0
 .rel.iplt      0x08001894        0x0 C:/Program Files/STM32CubeIDE/STM32CubeIDE/plugins/com.st.stm32cube.ide.mcu.externaltools.gnu-tools-for-stm32.12.3.rel1.win32_1.0.100.202403111256/tools/bin/../lib/gcc/arm-none-eabi/12.3.1/thumb/v7e-m+fp/hard/crtbegin.o

.data           0x20000000        0x4 load address 0x08001894
                0x20000000                        . = ALIGN (0x4)
                0x20000000                        _sdata = .
 *(.data)
 *(.data*)
 .data.changeLabButtonPressCounter
                0x20000000        0x1 ./Src/changeLabButton.o
                0x20000000                changeLabButtonPressCounter
 .data.b12ButtonPressCounter
                0x20000001        0x1 ./Src/multiFuncButton.o
                0x20000001                b12ButtonPressCounter
 *(.RamFunc)
 *(.RamFunc*)
                0x20000004                        . = ALIGN (0x4)
 *fill*         0x20000002        0x2 
                0x20000004                        _edata = .

.igot.plt       0x20000004        0x0 load address 0x08001898
 .igot.plt      0x20000004        0x0 C:/Program Files/STM32CubeIDE/STM32CubeIDE/plugins/com.st.stm32cube.ide.mcu.externaltools.gnu-tools-for-stm32.12.3.rel1.win32_1.0.100.202403111256/tools/bin/../lib/gcc/arm-none-eabi/12.3.1/thumb/v7e-m+fp/hard/crtbegin.o
                0x20000004                        . = ALIGN (0x4)

.bss            0x20000004       0x30 load address 0x08001898
                0x20000004                        _sbss = .
                0x20000004                        __bss_start__ = _sbss
 *(.bss)
 .bss           0x20000004       0x1c C:/Program Files/STM32CubeIDE/STM32CubeIDE/plugins/com.st.stm32cube.ide.mcu.externaltools.gnu-tools-for-stm32.12.3.rel1.win32_1.0.100.202403111256/tools/bin/../lib/gcc/arm-none-eabi/12.3.1/thumb/v7e-m+fp/hard/crtbegin.o
 *(.bss*)
 .bss.changeLabButtonInitDone
                0x20000020        0x1 ./Src/changeLabButton.o
                0x20000020                changeLabButtonInitDone
 .bss.changeLabButtonPressed
                0x20000021        0x1 ./Src/changeLabButton.o
                0x20000021                changeLabButtonPressed
 .bss.clockSourceChoosen
                0x20000022        0x1 ./Src/common.o
                0x20000022                clockSourceChoosen
 .bss.lab1InitDone
                0x20000023        0x1 ./Src/lab1LedStrip.o
                0x20000023                lab1InitDone
 .bss.lab2InitDone
                0x20000024        0x1 ./Src/lab2PwmAdc.o
                0x20000024                lab2InitDone
 .bss.lab3InitDone
                0x20000025        0x1 ./Src/lab3UartAdcDma.o
                0x20000025                lab3InitDone
 .bss.adcResultReady
                0x20000026        0x1 ./Src/lab3UartAdcDma.o
                0x20000026                adcResultReady
 *fill*         0x20000027        0x1 
 .bss.adcResult
                0x20000028        0x4 ./Src/lab3UartAdcDma.o
                0x20000028                adcResult
 .bss.adcFilteredResult
                0x2000002c        0x4 ./Src/lab3UartAdcDma.o
                0x2000002c                adcFilteredResult
 .bss.b12ButtonToggle
                0x20000030        0x1 ./Src/multiFuncButton.o
                0x20000030                b12ButtonToggle
 .bss.multiFuncButtonInitDone
                0x20000031        0x1 ./Src/multiFuncButton.o
                0x20000031                multiFuncButtonInitDone
 *(COMMON)
                0x20000034                        . = ALIGN (0x4)
 *fill*         0x20000032        0x2 
                0x20000034                        _ebss = .
                0x20000034                        __bss_end__ = _ebss

._user_heap_stack
                0x20000034      0x604 load address 0x08001898
                0x20000038                        . = ALIGN (0x8)
 *fill*         0x20000034        0x4 
                [!provide]                        PROVIDE (end = .)
                0x20000038                        PROVIDE (_end = .)
                0x20000238                        . = (. + _Min_Heap_Size)
 *fill*         0x20000038      0x200 
                0x20000638                        . = (. + _Min_Stack_Size)
 *fill*         0x20000238      0x400 
                0x20000638                        . = ALIGN (0x8)

/DISCARD/
 libc.a(*)
 libm.a(*)
 libgcc.a(*)

.ARM.attributes
                0x00000000       0x30
 *(.ARM.attributes)
 .ARM.attributes
                0x00000000       0x22 C:/Program Files/STM32CubeIDE/STM32CubeIDE/plugins/com.st.stm32cube.ide.mcu.externaltools.gnu-tools-for-stm32.12.3.rel1.win32_1.0.100.202403111256/tools/bin/../lib/gcc/arm-none-eabi/12.3.1/thumb/v7e-m+fp/hard/crti.o
 .ARM.attributes
                0x00000022       0x34 C:/Program Files/STM32CubeIDE/STM32CubeIDE/plugins/com.st.stm32cube.ide.mcu.externaltools.gnu-tools-for-stm32.12.3.rel1.win32_1.0.100.202403111256/tools/bin/../lib/gcc/arm-none-eabi/12.3.1/thumb/v7e-m+fp/hard/crtbegin.o
 .ARM.attributes
                0x00000056       0x34 ./Src/changeLabButton.o
 .ARM.attributes
                0x0000008a       0x34 ./Src/common.o
 .ARM.attributes
                0x000000be       0x34 ./Src/lab1LedStrip.o
 .ARM.attributes
                0x000000f2       0x34 ./Src/lab2PwmAdc.o
 .ARM.attributes
                0x00000126       0x34 ./Src/lab3UartAdcDma.o
 .ARM.attributes
                0x0000015a       0x34 ./Src/main.o
 .ARM.attributes
                0x0000018e       0x34 ./Src/multiFuncButton.o
 .ARM.attributes
                0x000001c2       0x34 ./Src/uart.o
 .ARM.attributes
                0x000001f6       0x21 ./Startup/startup_stm32f401ccux.o
 .ARM.attributes
                0x00000217       0x34 C:/Program Files/STM32CubeIDE/STM32CubeIDE/plugins/com.st.stm32cube.ide.mcu.externaltools.gnu-tools-for-stm32.12.3.rel1.win32_1.0.100.202403111256/tools/bin/../lib/gcc/arm-none-eabi/12.3.1/../../../../arm-none-eabi/lib/thumb/v7e-m+fp/hard\libc_nano.a(libc_a-init.o)
 .ARM.attributes
                0x0000024b       0x22 C:/Program Files/STM32CubeIDE/STM32CubeIDE/plugins/com.st.stm32cube.ide.mcu.externaltools.gnu-tools-for-stm32.12.3.rel1.win32_1.0.100.202403111256/tools/bin/../lib/gcc/arm-none-eabi/12.3.1/thumb/v7e-m+fp/hard/crtn.o
OUTPUT(f401_blackPillLabs.elf elf32-littlearm)
LOAD linker stubs
LOAD C:/Program Files/STM32CubeIDE/STM32CubeIDE/plugins/com.st.stm32cube.ide.mcu.externaltools.gnu-tools-for-stm32.12.3.rel1.win32_1.0.100.202403111256/tools/bin/../lib/gcc/arm-none-eabi/12.3.1/../../../../arm-none-eabi/lib/thumb/v7e-m+fp/hard\libc.a
LOAD C:/Program Files/STM32CubeIDE/STM32CubeIDE/plugins/com.st.stm32cube.ide.mcu.externaltools.gnu-tools-for-stm32.12.3.rel1.win32_1.0.100.202403111256/tools/bin/../lib/gcc/arm-none-eabi/12.3.1/../../../../arm-none-eabi/lib/thumb/v7e-m+fp/hard\libm.a
LOAD C:/Program Files/STM32CubeIDE/STM32CubeIDE/plugins/com.st.stm32cube.ide.mcu.externaltools.gnu-tools-for-stm32.12.3.rel1.win32_1.0.100.202403111256/tools/bin/../lib/gcc/arm-none-eabi/12.3.1/thumb/v7e-m+fp/hard\libgcc.a

.debug_info     0x00000000     0x33a7
 .debug_info    0x00000000      0xae9 ./Src/changeLabButton.o
 .debug_info    0x00000ae9      0x440 ./Src/common.o
 .debug_info    0x00000f29      0x3f4 ./Src/lab1LedStrip.o
 .debug_info    0x0000131d      0xa17 ./Src/lab2PwmAdc.o
 .debug_info    0x00001d34      0xa37 ./Src/lab3UartAdcDma.o
 .debug_info    0x0000276b      0x131 ./Src/main.o
 .debug_info    0x0000289c      0x8ce ./Src/multiFuncButton.o
 .debug_info    0x0000316a      0x20d ./Src/uart.o
 .debug_info    0x00003377       0x30 ./Startup/startup_stm32f401ccux.o

.debug_abbrev   0x00000000      0xd44
 .debug_abbrev  0x00000000      0x1de ./Src/changeLabButton.o
 .debug_abbrev  0x000001de      0x17c ./Src/common.o
 .debug_abbrev  0x0000035a      0x19d ./Src/lab1LedStrip.o
 .debug_abbrev  0x000004f7      0x263 ./Src/lab2PwmAdc.o
 .debug_abbrev  0x0000075a      0x22d ./Src/lab3UartAdcDma.o
 .debug_abbrev  0x00000987       0x9a ./Src/main.o
 .debug_abbrev  0x00000a21      0x1cd ./Src/multiFuncButton.o
 .debug_abbrev  0x00000bee      0x132 ./Src/uart.o
 .debug_abbrev  0x00000d20       0x24 ./Startup/startup_stm32f401ccux.o

.debug_aranges  0x00000000      0x2a0
 .debug_aranges
                0x00000000       0x50 ./Src/changeLabButton.o
 .debug_aranges
                0x00000050       0x38 ./Src/common.o
 .debug_aranges
                0x00000088       0x48 ./Src/lab1LedStrip.o
 .debug_aranges
                0x000000d0       0x88 ./Src/lab2PwmAdc.o
 .debug_aranges
                0x00000158       0x88 ./Src/lab3UartAdcDma.o
 .debug_aranges
                0x000001e0       0x20 ./Src/main.o
 .debug_aranges
                0x00000200       0x48 ./Src/multiFuncButton.o
 .debug_aranges
                0x00000248       0x30 ./Src/uart.o
 .debug_aranges
                0x00000278       0x28 ./Startup/startup_stm32f401ccux.o

.debug_rnglists
                0x00000000      0x1dc
 .debug_rnglists
                0x00000000       0x39 ./Src/changeLabButton.o
 .debug_rnglists
                0x00000039       0x26 ./Src/common.o
 .debug_rnglists
                0x0000005f       0x33 ./Src/lab1LedStrip.o
 .debug_rnglists
                0x00000092       0x64 ./Src/lab2PwmAdc.o
 .debug_rnglists
                0x000000f6       0x65 ./Src/lab3UartAdcDma.o
 .debug_rnglists
                0x0000015b       0x14 ./Src/main.o
 .debug_rnglists
                0x0000016f       0x34 ./Src/multiFuncButton.o
 .debug_rnglists
                0x000001a3       0x20 ./Src/uart.o
 .debug_rnglists
                0x000001c3       0x19 ./Startup/startup_stm32f401ccux.o

.debug_macro    0x00000000     0xe00d
 .debug_macro   0x00000000      0x110 ./Src/changeLabButton.o
 .debug_macro   0x00000110      0xaba ./Src/changeLabButton.o
 .debug_macro   0x00000bca       0x22 ./Src/changeLabButton.o
 .debug_macro   0x00000bec       0x8e ./Src/changeLabButton.o
 .debug_macro   0x00000c7a       0x51 ./Src/changeLabButton.o
 .debug_macro   0x00000ccb      0x103 ./Src/changeLabButton.o
 .debug_macro   0x00000dce       0x6a ./Src/changeLabButton.o
 .debug_macro   0x00000e38      0x1df ./Src/changeLabButton.o
 .debug_macro   0x00001017       0x22 ./Src/changeLabButton.o
 .debug_macro   0x00001039       0x28 ./Src/changeLabButton.o
 .debug_macro   0x00001061       0x3b ./Src/changeLabButton.o
 .debug_macro   0x0000109c       0xe9 ./Src/changeLabButton.o
 .debug_macro   0x00001185      0xe66 ./Src/changeLabButton.o
 .debug_macro   0x00001feb     0xb86c ./Src/changeLabButton.o
 .debug_macro   0x0000d857       0x16 ./Src/changeLabButton.o
 .debug_macro   0x0000d86d       0x22 ./Src/changeLabButton.o
 .debug_macro   0x0000d88f      0x10c ./Src/common.o
 .debug_macro   0x0000d99b      0x110 ./Src/lab1LedStrip.o
 .debug_macro   0x0000daab      0x110 ./Src/lab2PwmAdc.o
 .debug_macro   0x0000dbbb      0x116 ./Src/lab3UartAdcDma.o
 .debug_macro   0x0000dcd1       0x10 ./Src/lab3UartAdcDma.o
 .debug_macro   0x0000dce1      0x10c ./Src/main.o
 .debug_macro   0x0000dded      0x110 ./Src/multiFuncButton.o
 .debug_macro   0x0000defd      0x110 ./Src/uart.o

.debug_line     0x00000000     0x3873
 .debug_line    0x00000000      0x715 ./Src/changeLabButton.o
 .debug_line    0x00000715      0x67b ./Src/common.o
 .debug_line    0x00000d90      0x6d8 ./Src/lab1LedStrip.o
 .debug_line    0x00001468      0x92d ./Src/lab2PwmAdc.o
 .debug_line    0x00001d95      0x884 ./Src/lab3UartAdcDma.o
 .debug_line    0x00002619      0x55b ./Src/main.o
 .debug_line    0x00002b74      0x6ca ./Src/multiFuncButton.o
 .debug_line    0x0000323e      0x5ba ./Src/uart.o
 .debug_line    0x000037f8       0x7b ./Startup/startup_stm32f401ccux.o

.debug_str      0x00000000    0x4e457
 .debug_str     0x00000000    0x4df35 ./Src/changeLabButton.o
                              0x4e0b9 (size before relaxing)
 .debug_str     0x0004df35       0xa9 ./Src/common.o
                              0x4db93 (size before relaxing)
 .debug_str     0x0004dfde       0xc1 ./Src/lab1LedStrip.o
                              0x4dbe8 (size before relaxing)
 .debug_str     0x0004e09f      0x16b ./Src/lab2PwmAdc.o
                              0x4e11e (size before relaxing)
 .debug_str     0x0004e20a      0x174 ./Src/lab3UartAdcDma.o
                              0x4e132 (size before relaxing)
 .debug_str     0x0004e37e       0x13 ./Src/main.o
                              0x4da8f (size before relaxing)
 .debug_str     0x0004e391       0x56 ./Src/multiFuncButton.o
                              0x4e045 (size before relaxing)
 .debug_str     0x0004e3e7       0x31 ./Src/uart.o
                              0x4da5a (size before relaxing)
 .debug_str     0x0004e418       0x3f ./Startup/startup_stm32f401ccux.o
                                 0x7e (size before relaxing)

.comment        0x00000000       0x43
 .comment       0x00000000       0x43 ./Src/changeLabButton.o
                                 0x44 (size before relaxing)
 .comment       0x00000043       0x44 ./Src/common.o
 .comment       0x00000043       0x44 ./Src/lab1LedStrip.o
 .comment       0x00000043       0x44 ./Src/lab2PwmAdc.o
 .comment       0x00000043       0x44 ./Src/lab3UartAdcDma.o
 .comment       0x00000043       0x44 ./Src/main.o
 .comment       0x00000043       0x44 ./Src/multiFuncButton.o
 .comment       0x00000043       0x44 ./Src/uart.o

.debug_frame    0x00000000      0x7b4
 .debug_frame   0x00000000       0xec ./Src/changeLabButton.o
 .debug_frame   0x000000ec       0xa8 ./Src/common.o
 .debug_frame   0x00000194       0xd4 ./Src/lab1LedStrip.o
 .debug_frame   0x00000268      0x1cc ./Src/lab2PwmAdc.o
 .debug_frame   0x00000434      0x1d0 ./Src/lab3UartAdcDma.o
 .debug_frame   0x00000604       0x2c ./Src/main.o
 .debug_frame   0x00000630       0xd8 ./Src/multiFuncButton.o
 .debug_frame   0x00000708       0x80 ./Src/uart.o
 .debug_frame   0x00000788       0x2c C:/Program Files/STM32CubeIDE/STM32CubeIDE/plugins/com.st.stm32cube.ide.mcu.externaltools.gnu-tools-for-stm32.12.3.rel1.win32_1.0.100.202403111256/tools/bin/../lib/gcc/arm-none-eabi/12.3.1/../../../../arm-none-eabi/lib/thumb/v7e-m+fp/hard\libc_nano.a(libc_a-init.o)

.debug_line_str
                0x00000000       0x62
 .debug_line_str
                0x00000000       0x62 ./Startup/startup_stm32f401ccux.o
