Archive member included to satisfy reference by file (symbol)

C:/STM32CubeIDE_2.1.1/STM32CubeIDE/plugins/com.st.stm32cube.ide.mcu.externaltools.gnu-tools-for-stm32.14.3.rel1.win32_1.0.100.202602081740/tools/bin/../lib/gcc/arm-none-eabi/14.3.1/../../../../arm-none-eabi/lib/thumb/v7e-m+fp/hard\libc_nano.a(libc_a-exit.o)
                              C:/STM32CubeIDE_2.1.1/STM32CubeIDE/plugins/com.st.stm32cube.ide.mcu.externaltools.gnu-tools-for-stm32.14.3.rel1.win32_1.0.100.202602081740/tools/bin/../lib/gcc/arm-none-eabi/14.3.1/../../../../arm-none-eabi/lib/thumb/v7e-m+fp/hard/crt0.o (exit)
C:/STM32CubeIDE_2.1.1/STM32CubeIDE/plugins/com.st.stm32cube.ide.mcu.externaltools.gnu-tools-for-stm32.14.3.rel1.win32_1.0.100.202602081740/tools/bin/../lib/gcc/arm-none-eabi/14.3.1/../../../../arm-none-eabi/lib/thumb/v7e-m+fp/hard\libc_nano.a(libc_a-findfp.o)
                              C:/STM32CubeIDE_2.1.1/STM32CubeIDE/plugins/com.st.stm32cube.ide.mcu.externaltools.gnu-tools-for-stm32.14.3.rel1.win32_1.0.100.202602081740/tools/bin/../lib/gcc/arm-none-eabi/14.3.1/../../../../arm-none-eabi/lib/thumb/v7e-m+fp/hard\libc_nano.a(libc_a-exit.o) (__stdio_exit_handler)
C:/STM32CubeIDE_2.1.1/STM32CubeIDE/plugins/com.st.stm32cube.ide.mcu.externaltools.gnu-tools-for-stm32.14.3.rel1.win32_1.0.100.202602081740/tools/bin/../lib/gcc/arm-none-eabi/14.3.1/../../../../arm-none-eabi/lib/thumb/v7e-m+fp/hard\libc_nano.a(libc_a-fwalk.o)
                              C:/STM32CubeIDE_2.1.1/STM32CubeIDE/plugins/com.st.stm32cube.ide.mcu.externaltools.gnu-tools-for-stm32.14.3.rel1.win32_1.0.100.202602081740/tools/bin/../lib/gcc/arm-none-eabi/14.3.1/../../../../arm-none-eabi/lib/thumb/v7e-m+fp/hard\libc_nano.a(libc_a-findfp.o) (_fwalk_sglue)
C:/STM32CubeIDE_2.1.1/STM32CubeIDE/plugins/com.st.stm32cube.ide.mcu.externaltools.gnu-tools-for-stm32.14.3.rel1.win32_1.0.100.202602081740/tools/bin/../lib/gcc/arm-none-eabi/14.3.1/../../../../arm-none-eabi/lib/thumb/v7e-m+fp/hard\libc_nano.a(libc_a-stdio.o)
                              C:/STM32CubeIDE_2.1.1/STM32CubeIDE/plugins/com.st.stm32cube.ide.mcu.externaltools.gnu-tools-for-stm32.14.3.rel1.win32_1.0.100.202602081740/tools/bin/../lib/gcc/arm-none-eabi/14.3.1/../../../../arm-none-eabi/lib/thumb/v7e-m+fp/hard\libc_nano.a(libc_a-findfp.o) (__sread)
C:/STM32CubeIDE_2.1.1/STM32CubeIDE/plugins/com.st.stm32cube.ide.mcu.externaltools.gnu-tools-for-stm32.14.3.rel1.win32_1.0.100.202602081740/tools/bin/../lib/gcc/arm-none-eabi/14.3.1/../../../../arm-none-eabi/lib/thumb/v7e-m+fp/hard\libc_nano.a(libc_a-memset.o)
                              C:/STM32CubeIDE_2.1.1/STM32CubeIDE/plugins/com.st.stm32cube.ide.mcu.externaltools.gnu-tools-for-stm32.14.3.rel1.win32_1.0.100.202602081740/tools/bin/../lib/gcc/arm-none-eabi/14.3.1/../../../../arm-none-eabi/lib/thumb/v7e-m+fp/hard/crt0.o (memset)
C:/STM32CubeIDE_2.1.1/STM32CubeIDE/plugins/com.st.stm32cube.ide.mcu.externaltools.gnu-tools-for-stm32.14.3.rel1.win32_1.0.100.202602081740/tools/bin/../lib/gcc/arm-none-eabi/14.3.1/../../../../arm-none-eabi/lib/thumb/v7e-m+fp/hard\libc_nano.a(libc_a-closer.o)
                              C:/STM32CubeIDE_2.1.1/STM32CubeIDE/plugins/com.st.stm32cube.ide.mcu.externaltools.gnu-tools-for-stm32.14.3.rel1.win32_1.0.100.202602081740/tools/bin/../lib/gcc/arm-none-eabi/14.3.1/../../../../arm-none-eabi/lib/thumb/v7e-m+fp/hard\libc_nano.a(libc_a-stdio.o) (_close_r)
C:/STM32CubeIDE_2.1.1/STM32CubeIDE/plugins/com.st.stm32cube.ide.mcu.externaltools.gnu-tools-for-stm32.14.3.rel1.win32_1.0.100.202602081740/tools/bin/../lib/gcc/arm-none-eabi/14.3.1/../../../../arm-none-eabi/lib/thumb/v7e-m+fp/hard\libc_nano.a(libc_a-reent.o)
                              C:/STM32CubeIDE_2.1.1/STM32CubeIDE/plugins/com.st.stm32cube.ide.mcu.externaltools.gnu-tools-for-stm32.14.3.rel1.win32_1.0.100.202602081740/tools/bin/../lib/gcc/arm-none-eabi/14.3.1/../../../../arm-none-eabi/lib/thumb/v7e-m+fp/hard\libc_nano.a(libc_a-closer.o) (errno)
C:/STM32CubeIDE_2.1.1/STM32CubeIDE/plugins/com.st.stm32cube.ide.mcu.externaltools.gnu-tools-for-stm32.14.3.rel1.win32_1.0.100.202602081740/tools/bin/../lib/gcc/arm-none-eabi/14.3.1/../../../../arm-none-eabi/lib/thumb/v7e-m+fp/hard\libc_nano.a(libc_a-impure.o)
                              C:/STM32CubeIDE_2.1.1/STM32CubeIDE/plugins/com.st.stm32cube.ide.mcu.externaltools.gnu-tools-for-stm32.14.3.rel1.win32_1.0.100.202602081740/tools/bin/../lib/gcc/arm-none-eabi/14.3.1/../../../../arm-none-eabi/lib/thumb/v7e-m+fp/hard\libc_nano.a(libc_a-reent.o) (_impure_ptr)
C:/STM32CubeIDE_2.1.1/STM32CubeIDE/plugins/com.st.stm32cube.ide.mcu.externaltools.gnu-tools-for-stm32.14.3.rel1.win32_1.0.100.202602081740/tools/bin/../lib/gcc/arm-none-eabi/14.3.1/../../../../arm-none-eabi/lib/thumb/v7e-m+fp/hard\libc_nano.a(libc_a-lseekr.o)
[...]
Memory Configuration

Name             Origin             Length             Attributes
RAM              0x20000000         0x00010000         xrw
FLASH            0x08000000         0x00040000         xr
*default*        0x00000000         0xffffffff

Linker script and memory map

LOAD C:/STM32CubeIDE_2.1.1/STM32CubeIDE/plugins/com.st.stm32cube.ide.mcu.externaltools.gnu-tools-for-stm32.14.3.rel1.win32_1.0.100.202602081740/tools/bin/../lib/gcc/arm-none-eabi/14.3.1/thumb/v7e-m+fp/hard/crti.o
LOAD C:/STM32CubeIDE_2.1.1/STM32CubeIDE/plugins/com.st.stm32cube.ide.mcu.externaltools.gnu-tools-for-stm32.14.3.rel1.win32_1.0.100.202602081740/tools/bin/../lib/gcc/arm-none-eabi/14.3.1/thumb/v7e-m+fp/hard/crtbegin.o
LOAD C:/STM32CubeIDE_2.1.1/STM32CubeIDE/plugins/com.st.stm32cube.ide.mcu.externaltools.gnu-tools-for-stm32.14.3.rel1.win32_1.0.100.202602081740/tools/bin/../lib/gcc/arm-none-eabi/14.3.1/../../../../arm-none-eabi/lib/thumb/v7e-m+fp/hard/crt0.o
LOAD ./Src/changeLabButton.o
LOAD ./Src/common.o
LOAD ./Src/i2c.o
LOAD ./Src/lab1LedStrip.o
LOAD ./Src/lab2PwmAdc.o
LOAD ./Src/lab3UartAdcDma.o
LOAD ./Src/main.o
LOAD ./Src/multiFuncButton.o
LOAD ./Src/syscalls.o
LOAD ./Src/sysmem.o
LOAD ./Src/uart.o
LOAD ./Startup/startup_stm32f401ccux.o
START GROUP
LOAD C:/STM32CubeIDE_2.1.1/STM32CubeIDE/plugins/com.st.stm32cube.ide.mcu.externaltools.gnu-tools-for-stm32.14.3.rel1.win32_1.0.100.202602081740/tools/bin/../lib/gcc/arm-none-eabi/14.3.1/../../../../arm-none-eabi/lib/thumb/v7e-m+fp/hard\libc_nano.a
LOAD C:/STM32CubeIDE_2.1.1/STM32CubeIDE/plugins/com.st.stm32cube.ide.mcu.externaltools.gnu-tools-for-stm32.14.3.rel1.win32_1.0.100.202602081740/tools/bin/../lib/gcc/arm-none-eabi/14.3.1/../../../../arm-none-eabi/lib/thumb/v7e-m+fp/hard\libm.a
END GROUP
START GROUP
LOAD C:/STM32CubeIDE_2.1.1/STM32CubeIDE/plugins/com.st.stm32cube.ide.mcu.externaltools.gnu-tools-for-stm32.14.3.rel1.win32_1.0.100.202602081740/tools/bin/../lib/gcc/arm-none-eabi/14.3.1/thumb/v7e-m+fp/hard\libgcc.a
LOAD C:/STM32CubeIDE_2.1.1/STM32CubeIDE/plugins/com.st.stm32cube.ide.mcu.externaltools.gnu-tools-for-stm32.14.3.rel1.win32_1.0.100.202602081740/tools/bin/../lib/gcc/arm-none-eabi/14.3.1/../../../../arm-none-eabi/lib/thumb/v7e-m+fp/hard\libc_nano.a
END GROUP
START GROUP
LOAD C:/STM32CubeIDE_2.1.1/STM32CubeIDE/plugins/com.st.stm32cube.ide.mcu.externaltools.gnu-tools-for-stm32.14.3.rel1.win32_1.0.100.202602081740/tools/bin/../lib/gcc/arm-none-eabi/14.3.1/thumb/v7e-m+fp/hard\libgcc.a
LOAD C:/STM32CubeIDE_2.1.1/STM32CubeIDE/plugins/com.st.stm32cube.ide.mcu.externaltools.gnu-tools-for-stm32.14.3.rel1.win32_1.0.100.202602081740/tools/bin/../lib/gcc/arm-none-eabi/14.3.1/../../../../arm-none-eabi/lib/thumb/v7e-m+fp/hard\libc_nano.a
LOAD C:/STM32CubeIDE_2.1.1/STM32CubeIDE/plugins/com.st.stm32cube.ide.mcu.externaltools.gnu-tools-for-stm32.14.3.rel1.win32_1.0.100.202602081740/tools/bin/../lib/gcc/arm-none-eabi/14.3.1/../../../../arm-none-eabi/lib/thumb/v7e-m+fp/hard\libnosys.a
END GROUP
START GROUP
LOAD C:/STM32CubeIDE_2.1.1/STM32CubeIDE/plugins/com.st.stm32cube.ide.mcu.externaltools.gnu-tools-for-stm32.14.3.rel1.win32_1.0.100.202602081740/tools/bin/../lib/gcc/arm-none-eabi/14.3.1/thumb/v7e-m+fp/hard\libgcc.a
LOAD C:/STM32CubeIDE_2.1.1/STM32CubeIDE/plugins/com.st.stm32cube.ide.mcu.externaltools.gnu-tools-for-stm32.14.3.rel1.win32_1.0.100.202602081740/tools/bin/../lib/gcc/arm-none-eabi/14.3.1/../../../../arm-none-eabi/lib/thumb/v7e-m+fp/hard\libc_nano.a
LOAD C:/STM32CubeIDE_2.1.1/STM32CubeIDE/plugins/com.st.stm32cube.ide.mcu.externaltools.gnu-tools-for-stm32.14.3.rel1.win32_1.0.100.202602081740/tools/bin/../lib/gcc/arm-none-eabi/14.3.1/../../../../arm-none-eabi/lib/thumb/v7e-m+fp/hard\libnosys.a
END GROUP
LOAD C:/STM32CubeIDE_2.1.1/STM32CubeIDE/plugins/com.st.stm32cube.ide.mcu.externaltools.gnu-tools-for-stm32.14.3.rel1.win32_1.0.100.202602081740/tools/bin/../lib/gcc/arm-none-eabi/14.3.1/thumb/v7e-m+fp/hard/crtend.o
LOAD C:/STM32CubeIDE_2.1.1/STM32CubeIDE/plugins/com.st.stm32cube.ide.mcu.externaltools.gnu-tools-for-stm32.14.3.rel1.win32_1.0.100.202602081740/tools/bin/../lib/gcc/arm-none-eabi/14.3.1/thumb/v7e-m+fp/hard/crtn.o
                0x20010000                        _estack = (ORIGIN (RAM) + LENGTH (RAM))
                0x00000200                        _Min_Heap_Size = 0x200
                0x00000400                        _Min_Stack_Size = 0x400

.isr_vector     0x08000000      0x194
                0x08000000                        . = ALIGN (0x4)
 *(.isr_vector)
 .isr_vector    0x08000000      0x194 ./Startup/startup_stm32f401ccux.o
                0x08000000                g_pfnVectors
                0x08000194                        . = ALIGN (0x4)

.text           0x08000194      0x7a8
                0x08000194                        . = ALIGN (0x4)
 *(.text)
 .text          0x08000194       0x40 C:/STM32CubeIDE_2.1.1/STM32CubeIDE/plugins/com.st.stm32cube.ide.mcu.externaltools.gnu-tools-for-stm32.14.3.rel1.win32_1.0.100.202602081740/tools/bin/../lib/gcc/arm-none-eabi/14.3.1/thumb/v7e-m+fp/hard/crtbegin.o
 *(.text*)
 .text.NVIC_EnableIRQ
                0x080001d4       0x34 ./Src/changeLabButton.o
 .text.NVIC_SystemReset
                0x08000208       0x2c ./Src/changeLabButton.o
 .text.changeLabButtonInit
                0x08000234       0xf8 ./Src/changeLabButton.o
                0x08000234                changeLabButtonInit
 .text.EXTI0_IRQHandler
                0x0800032c       0x34 ./Src/changeLabButton.o
                0x0800032c                EXTI0_IRQHandler
 .text.TIM2_IRQHandler
                0x08000360       0x74 ./Src/changeLabButton.o
                0x08000360                TIM2_IRQHandler
 .text.cpuFreqInit
                0x080003d4       0xf4 ./Src/common.o
                0x080003d4                cpuFreqInit
 .text.sysTickInit
                0x080004c8       0x58 ./Src/common.o
                0x080004c8                sysTickInit
 .text.lab2PotReadRawValue
                0x08000520       0x40 ./Src/lab2PwmAdc.o
                0x08000520                lab2PotReadRawValue
 .text.lab2PotGetAverageValue
                0x08000560       0x3a ./Src/lab2PwmAdc.o
                0x08000560                lab2PotGetAverageValue
 *fill*         0x0800059a        0x2 
 .text.TIM3_IRQHandler
                0x0800059c      0x188 ./Src/lab2PwmAdc.o
                0x0800059c                TIM3_IRQHandler
 .text.DMA2_Stream0_IRQHandler
                0x08000724       0x40 ./Src/lab3UartAdcDma.o
                0x08000724                DMA2_Stream0_IRQHandler
 .text.main     0x08000764       0x60 ./Src/main.o
                0x08000764                main
 .text.EXTI15_10_IRQHandler
                0x080007c4       0x38 ./Src/multiFuncButton.o
                0x080007c4                EXTI15_10_IRQHandler
 .text.TIM4_IRQHandler
                0x080007fc       0x8c ./Src/multiFuncButton.o
                0x080007fc                TIM4_IRQHandler
 .text.Reset_Handler
                0x08000888       0x50 ./Startup/startup_stm32f401ccux.o
                0x08000888                Reset_Handler
 .text.Default_Handler
                0x080008d8        0x2 ./Startup/startup_stm32f401ccux.o
                0x080008d8                EXTI2_IRQHandler
                0x080008d8                DebugMon_Handler
                0x080008d8                SPI4_IRQHandler
                0x080008d8                TIM1_CC_IRQHandler
                0x080008d8                DMA2_Stream5_IRQHandler
                0x080008d8                HardFault_Handler
                0x080008d8                DMA1_Stream5_IRQHandler
                0x080008d8                SysTick_Handler
                0x080008d8                SDIO_IRQHandler
                0x080008d8                TAMP_STAMP_IRQHandler
                0x080008d8                PendSV_Handler
                0x080008d8                NMI_Handler
                0x080008d8                EXTI3_IRQHandler
                0x080008d8                TIM1_UP_TIM10_IRQHandler
                0x080008d8                I2C3_ER_IRQHandler
                0x080008d8                EXTI18_OTG_FS_WKUP_IRQHandler
                0x080008d8                I2C2_EV_IRQHandler
                0x080008d8                DMA1_Stream2_IRQHandler
                0x080008d8                UsageFault_Handler
                0x080008d8                DMA2_Stream2_IRQHandler
                0x080008d8                SPI1_IRQHandler
                0x080008d8                TIM1_BRK_TIM9_IRQHandler
                0x080008d8                DMA2_Stream3_IRQHandler
                0x080008d8                USART6_IRQHandler
                0x080008d8                I2C1_EV_IRQHandler
                0x080008d8                DMA1_Stream6_IRQHandler
                0x080008d8                DMA1_Stream1_IRQHandler
                0x080008d8                RCC_IRQHandler
                0x080008d8                Default_Handler
                0x080008d8                ADC_IRQHandler
                0x080008d8                DMA1_Stream7_IRQHandler
                0x080008d8                TIM5_IRQHandler
                0x080008d8                DMA2_Stream7_IRQHandler
                0x080008d8                I2C3_EV_IRQHandler
                0x080008d8                EXTI9_5_IRQHandler
                0x080008d8                SPI2_IRQHandler
                0x080008d8                MemManage_Handler
                0x080008d8                DMA1_Stream0_IRQHandler
                0x080008d8                SVC_Handler
                0x080008d8                EXTI4_IRQHandler
                0x080008d8                EXTI22_RTC_WKUP_IRQHandler
                0x080008d8                EXTI16_PVD_IRQHandler
                0x080008d8                TIM1_TRG_COM_TIM11_IRQHandler
                0x080008d8                EXTI1_IRQHandler
                0x080008d8                EXTI17_RTC_Alarm_IRQHandler
                0x080008d8                USART2_IRQHandler
                0x080008d8                I2C2_ER_IRQHandler
                0x080008d8                DMA2_Stream1_IRQHandler
                0x080008d8                FLASH_IRQHandler
                0x080008d8                DMA2_Stream4_IRQHandler
                0x080008d8                BusFault_Handler
                0x080008d8                USART1_IRQHandler
                0x080008d8                OTG_FS_IRQHandler
                0x080008d8                SPI3_IRQHandler
                0x080008d8                DMA1_Stream4_IRQHandler
                0x080008d8                I2C1_ER_IRQHandler
                0x080008d8                DMA2_Stream6_IRQHandler
                0x080008d8                DMA1_Stream3_IRQHandler
 *fill*         0x080008da        0x2 
 .text.__libc_init_array
                0x080008dc       0x48 C:/STM32CubeIDE_2.1.1/STM32CubeIDE/plugins/com.st.stm32cube.ide.mcu.externaltools.gnu-tools-for-stm32.14.3.rel1.win32_1.0.100.202602081740/tools/bin/../lib/gcc/arm-none-eabi/14.3.1/../../../../arm-none-eabi/lib/thumb/v7e-m+fp/hard\libc_nano.a(libc_a-init.o)
                0x080008dc                __libc_init_array
 *(.glue_7)
 .glue_7        0x08000924        0x0 linker stubs
 *(.glue_7t)
 .glue_7t       0x08000924        0x0 linker stubs
 *(.eh_frame)
 .eh_frame      0x08000924        0x0 C:/STM32CubeIDE_2.1.1/STM32CubeIDE/plugins/com.st.stm32cube.ide.mcu.externaltools.gnu-tools-for-stm32.14.3.rel1.win32_1.0.100.202602081740/tools/bin/../lib/gcc/arm-none-eabi/14.3.1/thumb/v7e-m+fp/hard/crtbegin.o
 *(.init)
 .init          0x08000924        0x4 C:/STM32CubeIDE_2.1.1/STM32CubeIDE/plugins/com.st.stm32cube.ide.mcu.externaltools.gnu-tools-for-stm32.14.3.rel1.win32_1.0.100.202602081740/tools/bin/../lib/gcc/arm-none-eabi/14.3.1/thumb/v7e-m+fp/hard/crti.o
                0x08000924                _init
 .init          0x08000928        0x8 C:/STM32CubeIDE_2.1.1/STM32CubeIDE/plugins/com.st.stm32cube.ide.mcu.externaltools.gnu-tools-for-stm32.14.3.rel1.win32_1.0.100.202602081740/tools/bin/../lib/gcc/arm-none-eabi/14.3.1/thumb/v7e-m+fp/hard/crtn.o
 *(.fini)
 .fini          0x08000930        0x4 C:/STM32CubeIDE_2.1.1/STM32CubeIDE/plugins/com.st.stm32cube.ide.mcu.externaltools.gnu-tools-for-stm32.14.3.rel1.win32_1.0.100.202602081740/tools/bin/../lib/gcc/arm-none-eabi/14.3.1/thumb/v7e-m+fp/hard/crti.o
                0x08000930                _fini
 .fini          0x08000934        0x8 C:/STM32CubeIDE_2.1.1/STM32CubeIDE/plugins/com.st.stm32cube.ide.mcu.externaltools.gnu-tools-for-stm32.14.3.rel1.win32_1.0.100.202602081740/tools/bin/../lib/gcc/arm-none-eabi/14.3.1/thumb/v7e-m+fp/hard/crtn.o
                0x0800093c                        . = ALIGN (0x4)
                0x0800093c                        _etext = .

.vfp11_veneer   0x0800093c        0x0
 .vfp11_veneer  0x0800093c        0x0 linker stubs

.v4_bx          0x0800093c        0x0
 .v4_bx         0x0800093c        0x0 linker stubs

.iplt           0x0800093c        0x0
 .iplt          0x0800093c        0x0 C:/STM32CubeIDE_2.1.1/STM32CubeIDE/plugins/com.st.stm32cube.ide.mcu.externaltools.gnu-tools-for-stm32.14.3.rel1.win32_1.0.100.202602081740/tools/bin/../lib/gcc/arm-none-eabi/14.3.1/thumb/v7e-m+fp/hard/crtbegin.o

.rodata         0x0800093c        0x0
                0x0800093c                        . = ALIGN (0x4)
 *(.rodata)
 *(.rodata*)
                0x0800093c                        . = ALIGN (0x4)

.ARM.extab      0x0800093c        0x0
                0x0800093c                        . = ALIGN (0x4)
 *(.ARM.extab* .gnu.linkonce.armextab.*)
                0x0800093c                        . = ALIGN (0x4)

.ARM            0x0800093c        0x0
                0x0800093c                        . = ALIGN (0x4)
                0x0800093c                        __exidx_start = .
 *(.ARM.exidx*)
                0x0800093c                        __exidx_end = .
                0x0800093c                        . = ALIGN (0x4)

.preinit_array  0x0800093c        0x0
                0x0800093c                        . = ALIGN (0x4)
                0x0800093c                        PROVIDE (__preinit_array_start = .)
 *(.preinit_array*)
                0x0800093c                        PROVIDE (__preinit_array_end = .)
                0x0800093c                        . = ALIGN (0x4)

.init_array     0x0800093c        0x4
                0x0800093c                        . = ALIGN (0x4)
                0x0800093c                        PROVIDE (__init_array_start = .)
 *(SORT_BY_NAME(.init_array.*))
 *(.init_array*)
 .init_array    0x0800093c        0x4 C:/STM32CubeIDE_2.1.1/STM32CubeIDE/plugins/com.st.stm32cube.ide.mcu.externaltools.gnu-tools-for-stm32.14.3.rel1.win32_1.0.100.202602081740/tools/bin/../lib/gcc/arm-none-eabi/14.3.1/thumb/v7e-m+fp/hard/crtbegin.o
                0x08000940                        PROVIDE (__init_array_end = .)
                0x08000940                        . = ALIGN (0x4)

.fini_array     0x08000940        0x4
                0x08000940                        . = ALIGN (0x4)
                [!provide]                        PROVIDE (__fini_array_start = .)
 *(SORT_BY_NAME(.fini_array.*))
 *(.fini_array*)
 .fini_array    0x08000940        0x4 C:/STM32CubeIDE_2.1.1/STM32CubeIDE/plugins/com.st.stm32cube.ide.mcu.externaltools.gnu-tools-for-stm32.14.3.rel1.win32_1.0.100.202602081740/tools/bin/../lib/gcc/arm-none-eabi/14.3.1/thumb/v7e-m+fp/hard/crtbegin.o
                [!provide]                        PROVIDE (__fini_array_end = .)
                0x08000944                        . = ALIGN (0x4)
                0x08000944                        _sidata = LOADADDR (.data)

.rel.dyn        0x08000944        0x0
 .rel.iplt      0x08000944        0x0 C:/STM32CubeIDE_2.1.1/STM32CubeIDE/plugins/com.st.stm32cube.ide.mcu.externaltools.gnu-tools-for-stm32.14.3.rel1.win32_1.0.100.202602081740/tools/bin/../lib/gcc/arm-none-eabi/14.3.1/thumb/v7e-m+fp/hard/crtbegin.o

.data           0x20000000        0x4 load address 0x08000944
                0x20000000                        . = ALIGN (0x4)
                0x20000000                        _sdata = .
 *(.data)
 *(.data*)
 .data.changeLabButtonPressCounter
                0x20000000        0x1 ./Src/changeLabButton.o
                0x20000000                changeLabButtonPressCounter
 .data.b12ButtonPressCounter
                0x20000001        0x1 ./Src/multiFuncButton.o
                0x20000001                b12ButtonPressCounter
 *(.RamFunc)
 *(.RamFunc*)
                0x20000004                        . = ALIGN (0x4)
 *fill*         0x20000002        0x2 
                0x20000004                        _edata = .

.igot.plt       0x20000004        0x0 load address 0x08000948
 .igot.plt      0x20000004        0x0 C:/STM32CubeIDE_2.1.1/STM32CubeIDE/plugins/com.st.stm32cube.ide.mcu.externaltools.gnu-tools-for-stm32.14.3.rel1.win32_1.0.100.202602081740/tools/bin/../lib/gcc/arm-none-eabi/14.3.1/thumb/v7e-m+fp/hard/crtbegin.o
                0x20000004                        . = ALIGN (0x4)

.bss            0x20000004       0x24 load address 0x08000948
                0x20000004                        _sbss = .
                0x20000004                        __bss_start__ = _sbss
 *(.bss)
 .bss           0x20000004       0x1c C:/STM32CubeIDE_2.1.1/STM32CubeIDE/plugins/com.st.stm32cube.ide.mcu.externaltools.gnu-tools-for-stm32.14.3.rel1.win32_1.0.100.202602081740/tools/bin/../lib/gcc/arm-none-eabi/14.3.1/thumb/v7e-m+fp/hard/crtbegin.o
 *(.bss*)
 .bss.changeLabButtonInitDone
                0x20000020        0x1 ./Src/changeLabButton.o
                0x20000020                changeLabButtonInitDone
 .bss.changeLabButtonPressed
                0x20000021        0x1 ./Src/changeLabButton.o
                0x20000021                changeLabButtonPressed
 .bss.clockSourceChoosen
                0x20000022        0x1 ./Src/common.o
                0x20000022                clockSourceChoosen
 .bss.adcResultReady
                0x20000023        0x1 ./Src/lab3UartAdcDma.o
                0x20000023                adcResultReady
 .bss.b12ButtonToggle
                0x20000024        0x1 ./Src/multiFuncButton.o
                0x20000024                b12ButtonToggle
 *(COMMON)
                0x20000028                        . = ALIGN (0x4)
 *fill*         0x20000025        0x3 
                0x20000028                        _ebss = .
                0x20000028                        __bss_end__ = _ebss

._user_heap_stack
                0x20000028      0x600 load address 0x08000948
                0x20000028                        . = ALIGN (0x8)
                [!provide]                        PROVIDE (end = .)
                0x20000028                        PROVIDE (_end = .)
                0x20000228                        . = (. + _Min_Heap_Size)
 *fill*         0x20000028      0x200 
                0x20000628                        . = (. + _Min_Stack_Size)
 *fill*         0x20000228      0x400 
                0x20000628                        . = ALIGN (0x8)

/DISCARD/
 libc.a(*)
 libm.a(*)
 libgcc.a(*)

.ARM.attributes
                0x00000000       0x30
 *(.ARM.attributes)
 .ARM.attributes
                0x00000000       0x22 C:/STM32CubeIDE_2.1.1/STM32CubeIDE/plugins/com.st.stm32cube.ide.mcu.externaltools.gnu-tools-for-stm32.14.3.rel1.win32_1.0.100.202602081740/tools/bin/../lib/gcc/arm-none-eabi/14.3.1/thumb/v7e-m+fp/hard/crti.o
 .ARM.attributes
                0x00000022       0x34 C:/STM32CubeIDE_2.1.1/STM32CubeIDE/plugins/com.st.stm32cube.ide.mcu.externaltools.gnu-tools-for-stm32.14.3.rel1.win32_1.0.100.202602081740/tools/bin/../lib/gcc/arm-none-eabi/14.3.1/thumb/v7e-m+fp/hard/crtbegin.o
 .ARM.attributes
                0x00000056       0x34 ./Src/changeLabButton.o
 .ARM.attributes
                0x0000008a       0x34 ./Src/common.o
 .ARM.attributes
                0x000000be       0x34 ./Src/lab2PwmAdc.o
 .ARM.attributes
                0x000000f2       0x34 ./Src/lab3UartAdcDma.o
 .ARM.attributes
                0x00000126       0x34 ./Src/main.o
 .ARM.attributes
                0x0000015a       0x34 ./Src/multiFuncButton.o
 .ARM.attributes
                0x0000018e       0x21 ./Startup/startup_stm32f401ccux.o
 .ARM.attributes
                0x000001af       0x34 C:/STM32CubeIDE_2.1.1/STM32CubeIDE/plugins/com.st.stm32cube.ide.mcu.externaltools.gnu-tools-for-stm32.14.3.rel1.win32_1.0.100.202602081740/tools/bin/../lib/gcc/arm-none-eabi/14.3.1/../../../../arm-none-eabi/lib/thumb/v7e-m+fp/hard\libc_nano.a(libc_a-init.o)
 .ARM.attributes
                0x000001e3       0x22 C:/STM32CubeIDE_2.1.1/STM32CubeIDE/plugins/com.st.stm32cube.ide.mcu.externaltools.gnu-tools-for-stm32.14.3.rel1.win32_1.0.100.202602081740/tools/bin/../lib/gcc/arm-none-eabi/14.3.1/thumb/v7e-m+fp/hard/crtn.o
OUTPUT(f401_blackPillLabs.elf elf32-littlearm)
LOAD linker stubs
LOAD C:/STM32CubeIDE_2.1.1/STM32CubeIDE/plugins/com.st.stm32cube.ide.mcu.externaltools.gnu-tools-for-stm32.14.3.rel1.win32_1.0.100.202602081740/tools/bin/../lib/gcc/arm-none-eabi/14.3.1/../../../../arm-none-eabi/lib/thumb/v7e-m+fp/hard\libc.a
LOAD C:/STM32CubeIDE_2.1.1/STM32CubeIDE/plugins/com.st.stm32cube.ide.mcu.externaltools.gnu-tools-for-stm32.14.3.rel1.win32_1.0.100.202602081740/tools/bin/../lib/gcc/arm-none-eabi/14.3.1/../../../../arm-none-eabi/lib/thumb/v7e-m+fp/hard\libm.a
LOAD C:/STM32CubeIDE_2.1.1/STM32CubeIDE/plugins/com.st.stm32cube.ide.mcu.externaltools.gnu-tools-for-stm32.14.3.rel1.win32_1.0.100.202602081740/tools/bin/../lib/gcc/arm-none-eabi/14.3.1/thumb/v7e-m+fp/hard\libgcc.a

.debug_info     0x00000000     0x2fa0
 .debug_info    0x00000000      0xae9 ./Src/changeLabButton.o
 .debug_info    0x00000ae9      0x440 ./Src/common.o
 .debug_info    0x00000f29      0xa17 ./Src/lab2PwmAdc.o
 .debug_info    0x00001940      0xa37 ./Src/lab3UartAdcDma.o
 .debug_info    0x00002377      0x32b ./Src/main.o
 .debug_info    0x000026a2      0x8ce ./Src/multiFuncButton.o
 .debug_info    0x00002f70       0x30 ./Startup/startup_stm32f401ccux.o

.debug_abbrev   0x00000000      0xac2
 .debug_abbrev  0x00000000      0x1de ./Src/changeLabButton.o
 .debug_abbrev  0x000001de      0x17c ./Src/common.o
 .debug_abbrev  0x0000035a      0x263 ./Src/lab2PwmAdc.o
 .debug_abbrev  0x000005bd      0x22d ./Src/lab3UartAdcDma.o
 .debug_abbrev  0x000007ea       0xe7 ./Src/main.o
 .debug_abbrev  0x000008d1      0x1cd ./Src/multiFuncButton.o
 .debug_abbrev  0x00000a9e       0x24 ./Startup/startup_stm32f401ccux.o

.debug_aranges  0x00000000      0x228
 .debug_aranges
                0x00000000       0x50 ./Src/changeLabButton.o
 .debug_aranges
                0x00000050       0x38 ./Src/common.o
 .debug_aranges
                0x00000088       0x88 ./Src/lab2PwmAdc.o
 .debug_aranges
                0x00000110       0x88 ./Src/lab3UartAdcDma.o
 .debug_aranges
                0x00000198       0x20 ./Src/main.o
 .debug_aranges
                0x000001b8       0x48 ./Src/multiFuncButton.o
 .debug_aranges
                0x00000200       0x28 ./Startup/startup_stm32f401ccux.o

.debug_rnglists
                0x00000000      0x188
 .debug_rnglists
                0x00000000       0x39 ./Src/changeLabButton.o
 .debug_rnglists
                0x00000039       0x26 ./Src/common.o
 .debug_rnglists
                0x0000005f       0x64 ./Src/lab2PwmAdc.o
 .debug_rnglists
                0x000000c3       0x65 ./Src/lab3UartAdcDma.o
 .debug_rnglists
                0x00000128       0x13 ./Src/main.o
 .debug_rnglists
                0x0000013b       0x34 ./Src/multiFuncButton.o
 .debug_rnglists
                0x0000016f       0x19 ./Startup/startup_stm32f401ccux.o

.debug_macro    0x00000000     0xde11
 .debug_macro   0x00000000      0x110 ./Src/changeLabButton.o
 .debug_macro   0x00000110      0xade ./Src/changeLabButton.o
 .debug_macro   0x00000bee       0x22 ./Src/changeLabButton.o
 .debug_macro   0x00000c10       0x8e ./Src/changeLabButton.o
 .debug_macro   0x00000c9e       0x51 ./Src/changeLabButton.o
 .debug_macro   0x00000cef      0x103 ./Src/changeLabButton.o
 .debug_macro   0x00000df2       0x6a ./Src/changeLabButton.o
 .debug_macro   0x00000e5c      0x1df ./Src/changeLabButton.o
 .debug_macro   0x0000103b       0x22 ./Src/changeLabButton.o
 .debug_macro   0x0000105d       0x28 ./Src/changeLabButton.o
 .debug_macro   0x00001085       0x3b ./Src/changeLabButton.o
 .debug_macro   0x000010c0       0xe9 ./Src/changeLabButton.o
 .debug_macro   0x000011a9      0xe66 ./Src/changeLabButton.o
 .debug_macro   0x0000200f     0xb86c ./Src/changeLabButton.o
 .debug_macro   0x0000d87b       0x16 ./Src/changeLabButton.o
 .debug_macro   0x0000d891       0x22 ./Src/changeLabButton.o
 .debug_macro   0x0000d8b3      0x10c ./Src/common.o
 .debug_macro   0x0000d9bf      0x110 ./Src/lab2PwmAdc.o
 .debug_macro   0x0000dacf      0x116 ./Src/lab3UartAdcDma.o
 .debug_macro   0x0000dbe5       0x10 ./Src/lab3UartAdcDma.o
 .debug_macro   0x0000dbf5      0x10c ./Src/main.o
 .debug_macro   0x0000dd01      0x110 ./Src/multiFuncButton.o

.debug_line     0x00000000     0x2b1a
 .debug_line    0x00000000      0x6f5 ./Src/changeLabButton.o
 .debug_line    0x000006f5      0x653 ./Src/common.o
 .debug_line    0x00000d48      0x940 ./Src/lab2PwmAdc.o
 .debug_line    0x00001688      0x848 ./Src/lab3UartAdcDma.o
 .debug_line    0x00001ed0      0x528 ./Src/main.o
 .debug_line    0x000023f8      0x6a7 ./Src/multiFuncButton.o
 .debug_line    0x00002a9f       0x7b ./Startup/startup_stm32f401ccux.o

.debug_str      0x00000000    0x4e424
 .debug_str     0x00000000    0x4e424 ./Src/changeLabButton.o
                              0x4e13e (size before relaxing)
 .debug_str     0x0004e424    0x4dc18 ./Src/common.o
 .debug_str     0x0004e424    0x4e1a3 ./Src/lab2PwmAdc.o
 .debug_str     0x0004e424    0x4e1b7 ./Src/lab3UartAdcDma.o
 .debug_str     0x0004e424    0x4dbc5 ./Src/main.o
 .debug_str     0x0004e424    0x4e0ca ./Src/multiFuncButton.o
 .debug_str     0x0004e424       0x84 ./Startup/startup_stm32f401ccux.o

.comment        0x00000000       0x43
 .comment       0x00000000       0x43 ./Src/changeLabButton.o
                                 0x44 (size before relaxing)
 .comment       0x00000043       0x44 ./Src/common.o
 .comment       0x00000043       0x44 ./Src/lab2PwmAdc.o
 .comment       0x00000043       0x44 ./Src/lab3UartAdcDma.o
 .comment       0x00000043       0x44 ./Src/main.o
 .comment       0x00000043       0x44 ./Src/multiFuncButton.o

.debug_frame    0x00000000      0x5f8
 .debug_frame   0x00000000       0xe0 ./Src/changeLabButton.o
 .debug_frame   0x000000e0       0x98 ./Src/common.o
 .debug_frame   0x00000178      0x1b0 ./Src/lab2PwmAdc.o
 .debug_frame   0x00000328      0x1b0 ./Src/lab3UartAdcDma.o
 .debug_frame   0x000004d8       0x2c ./Src/main.o
 .debug_frame   0x00000504       0xc8 ./Src/multiFuncButton.o
 .debug_frame   0x000005cc       0x2c C:/STM32CubeIDE_2.1.1/STM32CubeIDE/plugins/com.st.stm32cube.ide.mcu.externaltools.gnu-tools-for-stm32.14.3.rel1.win32_1.0.100.202602081740/tools/bin/../lib/gcc/arm-none-eabi/14.3.1/../../../../arm-none-eabi/lib/thumb/v7e-m+fp/hard\libc_nano.a(libc_a-init.o)

.debug_line_str
                0x00000000       0x68
 .debug_line_str
                0x00000000       0x68 ./Startup/startup_stm32f401ccux.o
