../Src/../Inc/core_cm4.h:1626:22:NVIC_EnableIRQ	16	static
../Src/../Inc/core_cm4.h:1637:22:NVIC_DisableIRQ	16	static
../Src/lab3UartAdcDma.c:17:6:lab3Deinit	8	static
../Src/lab3UartAdcDma.c:27:6:lab3Init	8	static
../Src/lab3UartAdcDma.c:36:6:lab3Execute	8	static
../Src/lab3UartAdcDma.c:54:6:lab3AdcReadSignals	4	static,ignoring_inline_asm
../Src/lab3UartAdcDma.c:66:6:lab3AdcGetFilteredData	24	static
../Src/lab3UartAdcDma.c:79:6:lab3UartDeinit	4	static
../Src/lab3UartAdcDma.c:89:6:lab3AdcDeinit	4	static
../Src/lab3UartAdcDma.c:104:6:lab3DmaDeinit	8	static
../Src/lab3UartAdcDma.c:117:6:lab3UartInit	4	static
../Src/lab3UartAdcDma.c:143:6:lab3AdcInit	4	static
../Src/lab3UartAdcDma.c:160:6:lab3DmaInit	8	static
../Src/lab3UartAdcDma.c:176:6:DMA2_Stream0_IRQHandler	4	static
